flutter : Could not 
find an option named 
"--web-renderer".
At line:1 char:1
+ flutter build web 
--web-renderer 
canvaskit > 
build_output.txt 2>&1
+ ~~~~~~~~~~~~~~~~~~~~~
~~~~~~~~~~~~~~~~~~~~~~~
~~~~~~~~~~~~~~~~~~~~~~
    + CategoryInfo     
         : NotSpecifi  
  ed: (Could not fin   
 d ...-web-renderer    
".:String) [], Rem    
oteException
    + FullyQualifiedEr 
   rorId : NativeComm  
  andError
 

Run 'flutter -h' (or 
'flutter <command> 
-h') for available 
flutter commands and 
options.
